// Jest Snapshot v1, https://goo.gl/fbAQLP

exports[`LoadingComponent renders correctly 1`] = `
<div>
  <div
    style="width: 450px; height: 450px;"
  >
    <div>
      Lottie Mock
    </div>
  </div>
</div>
`;
