// Jest Snapshot v1, https://goo.gl/fbAQLP

exports[`ErrorPage Renderizando a p√°gina de erro 1`] = `
<div>
  <div
    class="flex flex-col items-center justify-center min-h-screen p-4"
  >
    <div
      class="p-8 md:p-16 max-w-lg w-full text-center"
    >
      <h1
        class="text-4xl font-bold text-pink-600 mb-4"
      >
        Algo saiu do controle
      </h1>
      <p
        class="text-pink-700 mb-8"
      >
        Gostaria de tentar novamente?
      </p>
      <div
        class="my-4 flex space-x-4 p-4"
      >
        <div
          class="w-full flex flex-col justify-center items-center"
        >
          <button
            class="w-24 h-24 rounded-full   inline-flex items-center justify-center   text-white text-[24px] font-bold bg-pink-600 hover:bg-pink-800"
          >
            <svg
              class="size-6"
              fill="none"
              stroke="currentColor"
              stroke-width="1.5"
              viewBox="0 0 24 24"
              xmlns="http://www.w3.org/2000/svg"
            >
              <path
                d="M16.023 9.348h4.992v-.001M2.985 19.644v-4.992m0 0h4.992m-4.993 0 3.181 3.183a8.25 8.25 0 0 0 13.803-3.7M4.031 9.865a8.25 8.25 0 0 1 13.803-3.7l3.181 3.182m0-4.991v4.99"
                stroke-linecap="round"
                stroke-linejoin="round"
              />
            </svg>
          </button>
          <p
            class="text-[18px] mt-1 text-pink-600"
          >
            Tentar novamente
          </p>
        </div>
        <div
          class="w-full flex flex-col justify-center items-center"
        >
          <button
            class="w-24 h-24 rounded-full   inline-flex items-center justify-center   text-white text-[24px] font-bold bg-pink-600 hover:bg-pink-800"
          >
            <svg
              class="size-6"
              fill="none"
              stroke="currentColor"
              stroke-width="1.5"
              viewBox="0 0 24 24"
              xmlns="http://www.w3.org/2000/svg"
            >
              <path
                d="M8.25 9V5.25A2.25 2.25 0 0 1 10.5 3h6a2.25 2.25 0 0 1 2.25 2.25v13.5A2.25 2.25 0 0 1 16.5 21h-6a2.25 2.25 0 0 1-2.25-2.25V15m-3 0-3-3m0 0 3-3m-3 3H15"
                stroke-linecap="round"
                stroke-linejoin="round"
              />
            </svg>
          </button>
          <p
            class="text-[18px] mt-1 text-pink-600"
          >
            Refazer novamente
          </p>
        </div>
      </div>
    </div>
  </div>
</div>
`;
