// Jest Snapshot v1, https://goo.gl/fbAQLP

exports[`Description renderizar o component Description 1`] = `
<div>
  <div
    class="py-2 px-12 rounded-full font-bold text-pink-600 text-center text-2xl"
  >
    batatinha?
  </div>
</div>
`;
