// Jest Snapshot v1, https://goo.gl/fbAQLP

exports[`StepsButton quero renderizar o StepsButton inicialmente 1`] = `
<div>
  <div
    class="w-full flex flex-col justify-center items-center"
  >
    <button
      class="w-24 h-24 rounded-full   inline-flex items-center justify-center   text-white text-[24px] font-bold bg-pink-600 hover:bg-pink-400"
    >
      <svg
        class="size-6"
        fill="none"
        stroke="currentColor"
        stroke-width="1.5"
        viewBox="0 0 24 24"
        xmlns="http://www.w3.org/2000/svg"
      >
        <path
          d="M13.5 4.5 21 12m0 0-7.5 7.5M21 12H3"
          stroke-linecap="round"
          stroke-linejoin="round"
        />
      </svg>
    </button>
    <p
      class="text-[18px] mt-1 text-pink-600"
    />
  </div>
</div>
`;
