// Jest Snapshot v1, https://goo.gl/fbAQLP

exports[`Description renderizar o component Question 1`] = `
<div>
  <div
    class="py-2 px-2 md:px-12 rounded-full text-center"
  >
    <h2
      class="MuiTypography-root MuiTypography-h2 css-1bkebpk-MuiTypography-root"
    >
      batatinha?
    </h2>
  </div>
</div>
`;
