// Jest Snapshot v1, https://goo.gl/fbAQLP

exports[`StepsButton quero renderizar o StepsButton inicialmente 1`] = `
<div>
  <div
    class="w-full flex flex-col justify-center items-center"
  />
</div>
`;
